[
  {
    "coords": [
      -77.032395,
      38.912603
    ],
    "bearing": 0
  },
  {
    "coords": [
      -77.03239636054421,
      38.91260300000115
    ],
    "bearing": -89.99993716993707
  },
  {
    "coords": [
      -77.03239772108843,
      38.91260300000228
    ],
    "bearing": -89.99993854703376
  },
  {
    "coords": [
      -77.03239908163266,
      38.9126030000034
    ],
    "bearing": -89.99993837489775
  },
  {
    "coords": [
      -77.03240044217686,
      38.91260300000451
    ],
    "bearing": -89.99993940771957
  },
  {
    "coords": [
      -77.03240180272108,
      38.9126030000056
    ],
    "bearing": -89.9999400962682
  },
  {
    "coords": [
      -77.03240316326531,
      38.91260300000667
    ],
    "bearing": -89.99994198977805
  },
  {
    "coords": [
      -77.03240452380952,
      38.91260300000773
    ],
    "bearing": -89.9999421619136
  },
  {
    "coords": [
      -77.03240588435374,
      38.91260300000878
    ],
    "bearing": -89.999942506189
  },
  {
    "coords": [
      -77.03240724489794,
      38.912603000009796
    ],
    "bearing": -89.99994474397155
  },
  {
    "coords": [
      -77.03240860544217,
      38.91260300001081
    ],
    "bearing": -89.9999445718349
  },
  {
    "coords": [
      -77.03240996598639,
      38.9126030000118
    ],
    "bearing": -89.99994594893218
  },
  {
    "coords": [
      -77.03241132653059,
      38.91260300001279
    ],
    "bearing": -89.999945776794
  },
  {
    "coords": [
      -77.03241268707482,
      38.912603000013746
    ],
    "bearing": -89.99994749816707
  },
  {
    "coords": [
      -77.03241404761904,
      38.9126030000147
    ],
    "bearing": -89.99994818671522
  },
  {
    "coords": [
      -77.03241540816325,
      38.912603000015636
    ],
    "bearing": -89.99994870312575
  },
  {
    "coords": [
      -77.03241676870748,
      38.912603000016546
    ],
    "bearing": -89.9999502523616
  },
  {
    "coords": [
      -77.0324181292517,
      38.91260300001745
    ],
    "bearing": -89.99995111304692
  },
  {
    "coords": [
      -77.0324194897959,
      38.91260300001833
    ],
    "bearing": -89.99995145732034
  },
  {
    "coords": [
      -77.03242085034013,
      38.912603000019196
    ],
    "bearing": -89.99995283441896
  },
  {
    "coords": [
      -77.03242221088435,
      38.912603000020056
    ],
    "bearing": -89.99995249014421
  },
  {
    "coords": [
      -77.03242357142855,
      38.91260300002089
    ],
    "bearing": -89.99995490006359
  },
  {
    "coords": [
      -77.03242493197278,
      38.91260300002171
    ],
    "bearing": -89.99995472792769
  },
  {
    "coords": [
      -77.032426292517,
      38.91260300002251
    ],
    "bearing": -89.99995696571033
  },
  {
    "coords": [
      -77.0324276530612,
      38.912603000023296
    ],
    "bearing": -89.99995627716086
  },
  {
    "coords": [
      -77.03242901360544,
      38.91260300002408
    ],
    "bearing": -89.99995713784787
  },
  {
    "coords": [
      -77.03243037414965,
      38.91260300002483
    ],
    "bearing": -89.99995885921908
  },
  {
    "coords": [
      -77.03243173469386,
      38.91260300002558
    ],
    "bearing": -89.99995920349262
  },
  {
    "coords": [
      -77.03243309523809,
      38.9126030000263
    ],
    "bearing": -89.99996006417956
  },
  {
    "coords": [
      -77.03243445578231,
      38.91260300002701
    ],
    "bearing": -89.99996109700176
  },
  {
    "coords": [
      -77.03243581632653,
      38.91260300002771
    ],
    "bearing": -89.99996178555077
  },
  {
    "coords": [
      -77.03243717687074,
      38.91260300002838
    ],
    "bearing": -89.99996281837372
  },
  {
    "coords": [
      -77.03243853741496,
      38.91260300002905
    ],
    "bearing": -89.99996367905916
  },
  {
    "coords": [
      -77.03243989795918,
      38.91260300002969
    ],
    "bearing": -89.9999645397453
  },
  {
    "coords": [
      -77.0324412585034,
      38.91260300003032
    ],
    "bearing": -89.9999654004311
  },
  {
    "coords": [
      -77.03244261904761,
      38.91260300003095
    ],
    "bearing": -89.99996540043078
  },
  {
    "coords": [
      -77.03244397959183,
      38.912603000031545
    ],
    "bearing": -89.99996729393985
  },
  {
    "coords": [
      -77.03244534013605,
      38.91260300003212
    ],
    "bearing": -89.99996849889996
  },
  {
    "coords": [
      -77.03244670068027,
      38.91260300003269
    ],
    "bearing": -89.99996918744831
  },
  {
    "coords": [
      -77.03244806122449,
      38.91260300003325
    ],
    "bearing": -89.99996901531144
  },
  {
    "coords": [
      -77.0324494217687,
      38.91260300003378
    ],
    "bearing": -89.99997090882017
  },
  {
    "coords": [
      -77.03245078231292,
      38.912603000034316
    ],
    "bearing": -89.99997056454559
  },
  {
    "coords": [
      -77.03245214285714,
      38.912603000034814
    ],
    "bearing": -89.99997263019176
  },
  {
    "coords": [
      -77.03245350340136,
      38.912603000035304
    ],
    "bearing": -89.99997280232894
  },
  {
    "coords": [
      -77.03245486394557,
      38.91260300003579
    ],
    "bearing": -89.99997349087731
  },
  {
    "coords": [
      -77.03245622448979,
      38.912603000036235
    ],
    "bearing": -89.99997504011199
  },
  {
    "coords": [
      -77.032457585034,
      38.912603000036675
    ],
    "bearing": -89.99997572866017
  },
  {
    "coords": [
      -77.03245894557823,
      38.9126030000371
    ],
    "bearing": -89.99997658934663
  },
  {
    "coords": [
      -77.03246030612245,
      38.912603000037514
    ],
    "bearing": -89.99997693362073
  },
  {
    "coords": [
      -77.03246166666665,
      38.912603000037905
    ],
    "bearing": -89.99997831071761
  },
  {
    "coords": [
      -77.03246302721088,
      38.91260300003828
    ],
    "bearing": -89.9999788271297
  },
  {
    "coords": [
      -77.0324643877551,
      38.91260300003865
    ],
    "bearing": -89.99997985995242
  },
  {
    "coords": [
      -77.0324657482993,
      38.912603000039
    ],
    "bearing": -89.99998037636355
  },
  {
    "coords": [
      -77.03246710884353,
      38.91260300003933
    ],
    "bearing": -89.99998140918704
  },
  {
    "coords": [
      -77.03246846938775,
      38.912603000039645
    ],
    "bearing": -89.99998261414682
  },
  {
    "coords": [
      -77.03246982993197,
      38.912603000039944
    ],
    "bearing": -89.9999831305586
  },
  {
    "coords": [
      -77.03247119047619,
      38.912603000040235
    ],
    "bearing": -89.99998364696977
  },
  {
    "coords": [
      -77.0324725510204,
      38.91260300004049
    ],
    "bearing": -89.9999857126157
  },
  {
    "coords": [
      -77.03247391156462,
      38.91260300004075
    ],
    "bearing": -89.99998571261597
  },
  {
    "coords": [
      -77.03247527210884,
      38.91260300004098
    ],
    "bearing": -89.99998657330151
  },
  {
    "coords": [
      -77.03247663265306,
      38.9126030000412
    ],
    "bearing": -89.99998795039878
  },
  {
    "coords": [
      -77.03247799319728,
      38.91260300004141
    ],
    "bearing": -89.99998795039902
  },
  {
    "coords": [
      -77.0324793537415,
      38.91260300004161
    ],
    "bearing": -89.99998898322174
  },
  {
    "coords": [
      -77.03248071428571,
      38.91260300004177
    ],
    "bearing": -89.99999070459334
  },
  {
    "coords": [
      -77.03248207482993,
      38.912603000041926
    ],
    "bearing": -89.99999087673068
  },
  {
    "coords": [
      -77.03248343537415,
      38.91260300004207
    ],
    "bearing": -89.99999173741631
  },
  {
    "coords": [
      -77.03248479591835,
      38.91260300004219
    ],
    "bearing": -89.99999294237642
  },
  {
    "coords": [
      -77.03248615646258,
      38.9126030000423
    ],
    "bearing": -89.99999328665088
  },
  {
    "coords": [
      -77.0324875170068,
      38.912603000042395
    ],
    "bearing": -89.99999466374803
  },
  {
    "coords": [
      -77.032488877551,
      38.91260300004247
    ],
    "bearing": -89.99999535229668
  },
  {
    "coords": [
      -77.03249023809524,
      38.91260300004255
    ],
    "bearing": -89.9999951801596
  },
  {
    "coords": [
      -77.03249159863945,
      38.9126030000426
    ],
    "bearing": -89.99999672939396
  },
  {
    "coords": [
      -77.03249295918366,
      38.91260300004264
    ],
    "bearing": -89.99999759007976
  },
  {
    "coords": [
      -77.03249431972789,
      38.91260300004265
    ],
    "bearing": -89.99999879503989
  },
  {
    "coords": [
      -77.0324956802721,
      38.91260300004265
    ],
    "bearing": -89.99999948358852
  },
  {
    "coords": [
      -77.03249704081632,
      38.91260300004264
    ],
    "bearing": -90.00000017213718
  },
  {
    "coords": [
      -77.03249840136054,
      38.91260300004259
    ],
    "bearing": -90.00000223778308
  },
  {
    "coords": [
      -77.03249976190476,
      38.91260300004255
    ],
    "bearing": -90.00000137709729
  },
  {
    "coords": [
      -77.03250112244898,
      38.91260300004249
    ],
    "bearing": -90.0000030984689
  },
  {
    "coords": [
      -77.0325024829932,
      38.91260300004241
    ],
    "bearing": -90.00000395915465
  },
  {
    "coords": [
      -77.03250384353741,
      38.91260300004232
    ],
    "bearing": -90.00000447556613
  },
  {
    "coords": [
      -77.03250520408163,
      38.9126030000422
    ],
    "bearing": -90.00000550838912
  },
  {
    "coords": [
      -77.03250656462585,
      38.912603000042076
    ],
    "bearing": -90.0000061969377
  },
  {
    "coords": [
      -77.03250792517007,
      38.912603000041926
    ],
    "bearing": -90.00000774617214
  },
  {
    "coords": [
      -77.03250928571428,
      38.91260300004178
    ],
    "bearing": -90.00000757403507
  },
  {
    "coords": [
      -77.0325106462585,
      38.91260300004161
    ],
    "bearing": -90.0000087789951
  },
  {
    "coords": [
      -77.03251200680272,
      38.91260300004141
    ],
    "bearing": -90.00000998395521
  },
  {
    "coords": [
      -77.03251336734694,
      38.9126030000412
    ],
    "bearing": -90.00001101677826
  },
  {
    "coords": [
      -77.03251472789115,
      38.91260300004098
    ],
    "bearing": -90.00001101677816
  },
  {
    "coords": [
      -77.03251608843537,
      38.91260300004075
    ],
    "bearing": -90.00001239387544
  },
  {
    "coords": [
      -77.03251744897959,
      38.91260300004049
    ],
    "bearing": -90.00001325456134
  },
  {
    "coords": [
      -77.03251880952381,
      38.91260300004022
    ],
    "bearing": -90.00001428738418
  },
  {
    "coords": [
      -77.03252017006803,
      38.912603000039944
    ],
    "bearing": -90.00001411524703
  },
  {
    "coords": [
      -77.03252153061224,
      38.912603000039645
    ],
    "bearing": -90.00001583661874
  },
  {
    "coords": [
      -77.03252289115647,
      38.912603000039326
    ],
    "bearing": -90.00001652516707
  },
  {
    "coords": [
      -77.03252425170068,
      38.912603000039
    ],
    "bearing": -90.00001738585335
  },
  {
    "coords": [
      -77.0325256122449,
      38.91260300003865
    ],
    "bearing": -90.00001859081314
  },
  {
    "coords": [
      -77.03252697278913,
      38.91260300003828
    ],
    "bearing": -90.00001910722446
  },
  {
    "coords": [
      -77.03252833333333,
      38.912603000037905
    ],
    "bearing": -90.00002014004797
  },
  {
    "coords": [
      -77.03252969387755,
      38.91260300003751
    ],
    "bearing": -90.00002134500768
  },
  {
    "coords": [
      -77.03253105442178,
      38.9126030000371
    ],
    "bearing": -90.00002134500748
  },
  {
    "coords": [
      -77.03253241496598,
      38.912603000036675
    ],
    "bearing": -90.00002237783106
  },
  {
    "coords": [
      -77.0325337755102,
      38.91260300003624
    ],
    "bearing": -90.00002272210494
  },
  {
    "coords": [
      -77.0325351360544,
      38.91260300003578
    ],
    "bearing": -90.00002461561415
  },
  {
    "coords": [
      -77.03253649659864,
      38.912603000035304
    ],
    "bearing": -90.0000253041621
  },
  {
    "coords": [
      -77.03253785714286,
      38.912603000034814
    ],
    "bearing": -90.00002616484812
  },
  {
    "coords": [
      -77.03253921768706,
      38.9126030000343
    ],
    "bearing": -90.00002702553442
  },
  {
    "coords": [
      -77.03254057823129,
      38.91260300003378
    ],
    "bearing": -90.00002788621946
  },
  {
    "coords": [
      -77.03254193877551,
      38.91260300003325
    ],
    "bearing": -90.00002805835688
  },
  {
    "coords": [
      -77.03254329931971,
      38.9126030000327
    ],
    "bearing": -90.0000289190432
  },
  {
    "coords": [
      -77.03254465986394,
      38.91260300003213
    ],
    "bearing": -90.00003081255113
  },
  {
    "coords": [
      -77.03254602040816,
      38.912603000031545
    ],
    "bearing": -90.00003081255142
  },
  {
    "coords": [
      -77.03254738095237,
      38.91260300003095
    ],
    "bearing": -90.0000316732378
  },
  {
    "coords": [
      -77.0325487414966,
      38.91260300003034
    ],
    "bearing": -90.00003287819702
  },
  {
    "coords": [
      -77.03255010204082,
      38.912603000029705
    ],
    "bearing": -90.00003356674594
  },
  {
    "coords": [
      -77.03255146258502,
      38.91260300002905
    ],
    "bearing": -90.00003494384389
  },
  {
    "coords": [
      -77.03255282312925,
      38.91260300002838
    ],
    "bearing": -90.0000352881172
  },
  {
    "coords": [
      -77.03255418367347,
      38.91260300002771
    ],
    "bearing": -90.00003614880367
  },
  {
    "coords": [
      -77.03255554421767,
      38.91260300002701
    ],
    "bearing": -90.00003718162664
  },
  {
    "coords": [
      -77.0325569047619,
      38.9126030000263
    ],
    "bearing": -90.00003787017457
  },
  {
    "coords": [
      -77.03255826530612,
      38.91260300002558
    ],
    "bearing": -90.00003890299824
  },
  {
    "coords": [
      -77.03255962585034,
      38.91260300002483
    ],
    "bearing": -90.00003976368367
  },
  {
    "coords": [
      -77.03256098639456,
      38.91260300002406
    ],
    "bearing": -90.00004096864377
  },
  {
    "coords": [
      -77.03256234693878,
      38.91260300002329
    ],
    "bearing": -90.00004165719281
  },
  {
    "coords": [
      -77.03256370748299,
      38.91260300002251
    ],
    "bearing": -90.00004182932959
  },
  {
    "coords": [
      -77.03256506802721,
      38.91260300002171
    ],
    "bearing": -90.00004200146674
  },
  {
    "coords": [
      -77.03256642857143,
      38.91260300002088
    ],
    "bearing": -90.00004458352453
  },
  {
    "coords": [
      -77.03256778911565,
      38.91260300002005
    ],
    "bearing": -90.00004475566126
  },
  {
    "coords": [
      -77.03256914965986,
      38.91260300001919
    ],
    "bearing": -90.00004578848423
  },
  {
    "coords": [
      -77.03257051020408,
      38.91260300001832
    ],
    "bearing": -90.0000464770333
  },
  {
    "coords": [
      -77.0325718707483,
      38.91260300001744
    ],
    "bearing": -90.00004682130718
  },
  {
    "coords": [
      -77.03257323129252,
      38.912603000016546
    ],
    "bearing": -90.00004785413012
  },
  {
    "coords": [
      -77.03257459183673,
      38.912603000015636
    ],
    "bearing": -90.00004871481639
  },
  {
    "coords": [
      -77.03257595238095,
      38.9126030000147
    ],
    "bearing": -90.00005026405036
  },
  {
    "coords": [
      -77.03257731292517,
      38.912603000013746
    ],
    "bearing": -90.00005078046182
  },
  {
    "coords": [
      -77.03257867346939,
      38.91260300001279
    ],
    "bearing": -90.00005146901094
  },
  {
    "coords": [
      -77.0325800340136,
      38.9126030000118
    ],
    "bearing": -90.00005319038203
  },
  {
    "coords": [
      -77.03258139455782,
      38.91260300001081
    ],
    "bearing": -90.00005301824488
  },
  {
    "coords": [
      -77.03258275510204,
      38.912603000009796
    ],
    "bearing": -90.00005439534266
  },
  {
    "coords": [
      -77.03258411564626,
      38.91260300000878
    ],
    "bearing": -90.000054223205
  },
  {
    "coords": [
      -77.03258547619046,
      38.91260300000773
    ],
    "bearing": -90.00005646098911
  },
  {
    "coords": [
      -77.0325868367347,
      38.91260300000667
    ],
    "bearing": -90.00005680526183
  },
  {
    "coords": [
      -77.03258819727891,
      38.9126030000056
    ],
    "bearing": -90.00005697739954
  },
  {
    "coords": [
      -77.03258955782313,
      38.91260300000451
    ],
    "bearing": -90.00005887090829
  },
  {
    "coords": [
      -77.03259091836735,
      38.9126030000034
    ],
    "bearing": -90.00005955945748
  },
  {
    "coords": [
      -77.03259227891157,
      38.91260300000228
    ],
    "bearing": -90.00006059227988
  },
  {
    "coords": [
      -77.03259363945578,
      38.91260300000115
    ],
    "bearing": -90.00006042014273
  },
  {
    "coords": [
      -77.032595,
      38.912603
    ],
    "bearing": -90.00006179724056
  },
  {
    "coords": [
      -77.03259636065575,
      38.912603000000466
    ],
    "bearing": -89.99997383729641
  },
  {
    "coords": [
      -77.03259772131148,
      38.91260300000093
    ],
    "bearing": -89.99997487003448
  },
  {
    "coords": [
      -77.03259908196722,
      38.91260300000137
    ],
    "bearing": -89.99997538640388
  },
  {
    "coords": [
      -77.03260044262295,
      38.912603000001795
    ],
    "bearing": -89.99997624701889
  },
  {
    "coords": [
      -77.0326018032787,
      38.9126030000022
    ],
    "bearing": -89.99997779612657
  },
  {
    "coords": [
      -77.03260316393444,
      38.9126030000026
    ],
    "bearing": -89.99997796824941
  },
  {
    "coords": [
      -77.03260452459016,
      38.912603000002974
    ],
    "bearing": -89.99997917311057
  },
  {
    "coords": [
      -77.03260588524591,
      38.91260300000334
    ],
    "bearing": -89.99997986160353
  },
  {
    "coords": [
      -77.03260724590164,
      38.912603000003685
    ],
    "bearing": -89.99998089434112
  },
  {
    "coords": [
      -77.03260860655739,
      38.91260300000402
    ],
    "bearing": -89.9999814107106
  },
  {
    "coords": [
      -77.03260996721312,
      38.91260300000433
    ],
    "bearing": -89.9999826155718
  },
  {
    "coords": [
      -77.03261132786886,
      38.91260300000463
    ],
    "bearing": -89.99998295981807
  },
  {
    "coords": [
      -77.0326126885246,
      38.91260300000492
    ],
    "bearing": -89.99998347618705
  },
  {
    "coords": [
      -77.03261404918034,
      38.91260300000518
    ],
    "bearing": -89.99998571378686
  },
  {
    "coords": [
      -77.03261540983608,
      38.91260300000544
    ],
    "bearing": -89.99998536954077
  },
  {
    "coords": [
      -77.0326167704918,
      38.912603000005674
    ],
    "bearing": -89.9999867465248
  },
  {
    "coords": [
      -77.03261813114754,
      38.912603000005895
    ],
    "bearing": -89.99998743501737
  },
  {
    "coords": [
      -77.03261949180329,
      38.912603000006115
    ],
    "bearing": -89.99998743501737
  },
  {
    "coords": [
      -77.03262085245902,
      38.91260300000629
    ],
    "bearing": -89.99998984473996
  },
  {
    "coords": [
      -77.03262221311476,
      38.91260300000646
    ],
    "bearing": -89.99999018898615
  },
  {
    "coords": [
      -77.0326235737705,
      38.912603000006634
    ],
    "bearing": -89.99999036110913
  },
  {
    "coords": [
      -77.03262493442624,
      38.912603000006776
    ],
    "bearing": -89.9999917380936
  },
  {
    "coords": [
      -77.03262629508198,
      38.9126030000069
    ],
    "bearing": -89.99999328720105
  },
  {
    "coords": [
      -77.03262765573773,
      38.91260300000701
    ],
    "bearing": -89.99999294295496
  },
  {
    "coords": [
      -77.03262901639344,
      38.912603000007095
    ],
    "bearing": -89.99999500843141
  },
  {
    "coords": [
      -77.03263037704919,
      38.91260300000718
    ],
    "bearing": -89.9999948363085
  },
  {
    "coords": [
      -77.03263173770493,
      38.91260300000723
    ],
    "bearing": -89.99999690178511
  },
  {
    "coords": [
      -77.03263309836066,
      38.91260300000729
    ],
    "bearing": -89.99999655753896
  },
  {
    "coords": [
      -77.0326344590164,
      38.91260300000732
    ],
    "bearing": -89.99999724603121
  },
  {
    "coords": [
      -77.03263581967214,
      38.91260300000733
    ],
    "bearing": -89.9999989672617
  },
  {
    "coords": [
      -77.03263718032787,
      38.912603000007344
    ],
    "bearing": -89.9999989672617
  },
  {
    "coords": [
      -77.03263854098363,
      38.91260300000732
    ],
    "bearing": -90.0000003442461
  },
  {
    "coords": [
      -77.03263990163934,
      38.91260300000729
    ],
    "bearing": -90.00000172123053
  },
  {
    "coords": [
      -77.03264126229509,
      38.912603000007245
    ],
    "bearing": -90.00000172123053
  },
  {
    "coords": [
      -77.03264262295083,
      38.91260300000718
    ],
    "bearing": -90.00000292609185
  },
  {
    "coords": [
      -77.03264398360658,
      38.912603000007095
    ],
    "bearing": -90.0000041309532
  },
  {
    "coords": [
      -77.0326453442623,
      38.912603000006996
    ],
    "bearing": -90.00000516369155
  },
  {
    "coords": [
      -77.03264670491804,
      38.9126030000069
    ],
    "bearing": -90.00000481944545
  },
  {
    "coords": [
      -77.03264806557378,
      38.912603000006776
    ],
    "bearing": -90.00000568006065
  },
  {
    "coords": [
      -77.03264942622951,
      38.91260300000663
    ],
    "bearing": -90.00000791766037
  },
  {
    "coords": [
      -77.03265078688526,
      38.91260300000646
    ],
    "bearing": -90.0000079176603
  },
  {
    "coords": [
      -77.03265214754099,
      38.912603000006285
    ],
    "bearing": -90.00000946676784
  },
  {
    "coords": [
      -77.03265350819673,
      38.912603000006115
    ],
    "bearing": -90.00000843402944
  },
  {
    "coords": [
      -77.03265486885248,
      38.9126030000059
    ],
    "bearing": -90.00001101587529
  },
  {
    "coords": [
      -77.03265622950819,
      38.91260300000568
    ],
    "bearing": -90.00001153224457
  },
  {
    "coords": [
      -77.03265759016395,
      38.91260300000545
    ],
    "bearing": -90.00001222073644
  },
  {
    "coords": [
      -77.03265895081968,
      38.91260300000519
    ],
    "bearing": -90.00001359772106
  },
  {
    "coords": [
      -77.03266031147542,
      38.91260300000492
    ],
    "bearing": -90.00001359772094
  },
  {
    "coords": [
      -77.03266167213116,
      38.91260300000463
    ],
    "bearing": -90.00001549107463
  },
  {
    "coords": [
      -77.03266303278689,
      38.91260300000433
    ],
    "bearing": -90.0000160074438
  },
  {
    "coords": [
      -77.03266439344263,
      38.91260300000402
    ],
    "bearing": -90.00001635168975
  },
  {
    "coords": [
      -77.03266575409837,
      38.91260300000368
    ],
    "bearing": -90.00001755655109
  },
  {
    "coords": [
      -77.03266711475412,
      38.91260300000334
    ],
    "bearing": -90.00001807292024
  },
  {
    "coords": [
      -77.03266847540984,
      38.912603000002974
    ],
    "bearing": -90.00001910565909
  },
  {
    "coords": [
      -77.03266983606558,
      38.9126030000026
    ],
    "bearing": -90.00001979415073
  },
  {
    "coords": [
      -77.03267119672132,
      38.912603000002214
    ],
    "bearing": -90.00002048264294
  },
  {
    "coords": [
      -77.03267255737705,
      38.912603000001795
    ],
    "bearing": -90.0000216875045
  },
  {
    "coords": [
      -77.0326739180328,
      38.91260300000137
    ],
    "bearing": -90.00002272024258
  },
  {
    "coords": [
      -77.03267527868853,
      38.91260300000093
    ],
    "bearing": -90.00002358085807
  },
  {
    "coords": [
      -77.03267663934427,
      38.912603000000466
    ],
    "bearing": -90.00002409722698
  },
  {
    "coords": [
      -77.032678,
      38.912603
    ],
    "bearing": -90.00002512996552
  },
  {
    "coords": [
      -77.03267800000002,
      38.91261011313394
    ],
    "bearing": -7.973750938830599e-8
  },
  {
    "coords": [
      -77.03267800000002,
      38.91261722626788
    ],
    "bearing": 0
  },
  {
    "coords": [
      -77.03267800000002,
      38.91262433940182
    ],
    "bearing": 0
  },
  {
    "coords": [
      -77.03267800000002,
      38.91263145253576
    ],
    "bearing": 0
  },
  {
    "coords": [
      -77.03267800000002,
      38.9126385656697
    ],
    "bearing": 0
  },
  {
    "coords": [
      -77.03267800000002,
      38.91264567880365
    ],
    "bearing": 0
  },
  {
    "coords": [
      -77.03267800000002,
      38.912652791937575
    ],
    "bearing": 0
  },
  {
    "coords": [
      -77.03267800000002,
      38.91265990507152
    ],
    "bearing": 0
  },
  {
    "coords": [
      -77.03267800000002,
      38.91266701820547
    ],
    "bearing": 0
  },
  {
    "coords": [
      -77.03267800000002,
      38.9126741313394
    ],
    "bearing": 0
  },
  {
    "coords": [
      -77.03267800000002,
      38.91268124447334
    ],
    "bearing": 0
  },
  {
    "coords": [
      -77.03267800000002,
      38.91268835760729
    ],
    "bearing": 0
  },
  {
    "coords": [
      -77.03267800000002,
      38.912695470741234
    ],
    "bearing": 0
  },
  {
    "coords": [
      -77.03267800000002,
      38.91270258387516
    ],
    "bearing": 0
  },
  {
    "coords": [
      -77.03267800000002,
      38.912709697009106
    ],
    "bearing": 0
  },
  {
    "coords": [
      -77.03267800000002,
      38.91271681014305
    ],
    "bearing": 0
  },
  {
    "coords": [
      -77.03267800000002,
      38.912723923276985
    ],
    "bearing": 0
  },
  {
    "coords": [
      -77.03267800000002,
      38.912731036410925
    ],
    "bearing": 0
  },
  {
    "coords": [
      -77.03267800000002,
      38.91273814954486
    ],
    "bearing": 0
  },
  {
    "coords": [
      -77.03267800000002,
      38.91274526267881
    ],
    "bearing": 0
  },
  {
    "coords": [
      -77.03267800000002,
      38.912752375812744
    ],
    "bearing": 0
  },
  {
    "coords": [
      -77.03267800000002,
      38.91275948894669
    ],
    "bearing": 0
  },
  {
    "coords": [
      -77.03267800000002,
      38.91276660208063
    ],
    "bearing": 0
  },
  {
    "coords": [
      -77.03267800000002,
      38.91277371521457
    ],
    "bearing": 0
  },
  {
    "coords": [
      -77.03267800000002,
      38.91278082834851
    ],
    "bearing": 0
  },
  {
    "coords": [
      -77.03267800000002,
      38.91278794148244
    ],
    "bearing": 0
  },
  {
    "coords": [
      -77.03267800000002,
      38.912795054616396
    ],
    "bearing": 0
  },
  {
    "coords": [
      -77.03267800000002,
      38.91280216775033
    ],
    "bearing": 0
  },
  {
    "coords": [
      -77.03267800000002,
      38.91280928088426
    ],
    "bearing": 0
  },
  {
    "coords": [
      -77.03267800000002,
      38.91281639401821
    ],
    "bearing": 0
  },
  {
    "coords": [
      -77.03267800000002,
      38.91282350715215
    ],
    "bearing": 0
  },
  {
    "coords": [
      -77.03267800000002,
      38.912830620286094
    ],
    "bearing": 0
  },
  {
    "coords": [
      -77.03267800000002,
      38.91283773342003
    ],
    "bearing": 0
  },
  {
    "coords": [
      -77.03267800000002,
      38.912844846553966
    ],
    "bearing": 0
  },
  {
    "coords": [
      -77.03267800000002,
      38.91285195968791
    ],
    "bearing": 0
  },
  {
    "coords": [
      -77.03267800000002,
      38.912859072821846
    ],
    "bearing": 0
  },
  {
    "coords": [
      -77.03267800000002,
      38.912866185955785
    ],
    "bearing": 0
  },
  {
    "coords": [
      -77.03267800000002,
      38.91287329908973
    ],
    "bearing": 0
  },
  {
    "coords": [
      -77.03267800000002,
      38.912880412223664
    ],
    "bearing": 0
  },
  {
    "coords": [
      -77.03267800000002,
      38.91288752535762
    ],
    "bearing": 0
  },
  {
    "coords": [
      -77.03267800000002,
      38.91289463849155
    ],
    "bearing": 0
  },
  {
    "coords": [
      -77.03267800000002,
      38.91290175162548
    ],
    "bearing": 0
  },
  {
    "coords": [
      -77.03267800000002,
      38.91290886475944
    ],
    "bearing": 0
  },
  {
    "coords": [
      -77.03267800000002,
      38.91291597789337
    ],
    "bearing": 0
  },
  {
    "coords": [
      -77.03267800000002,
      38.9129230910273
    ],
    "bearing": 0
  },
  {
    "coords": [
      -77.03267800000002,
      38.91293020416125
    ],
    "bearing": 0
  },
  {
    "coords": [
      -77.03267800000002,
      38.912937317295196
    ],
    "bearing": 0
  },
  {
    "coords": [
      -77.03267800000002,
      38.912944430429135
    ],
    "bearing": 0
  },
  {
    "coords": [
      -77.03267800000002,
      38.91295154356307
    ],
    "bearing": 0
  },
  {
    "coords": [
      -77.03267800000002,
      38.91295865669701
    ],
    "bearing": 0
  },
  {
    "coords": [
      -77.03267800000002,
      38.912965769830954
    ],
    "bearing": 0
  },
  {
    "coords": [
      -77.03267800000002,
      38.91297288296489
    ],
    "bearing": 0
  },
  {
    "coords": [
      -77.03267800000002,
      38.91297999609884
    ],
    "bearing": 0
  },
  {
    "coords": [
      -77.03267800000002,
      38.91298710923277
    ],
    "bearing": 0
  },
  {
    "coords": [
      -77.03267800000002,
      38.91299422236672
    ],
    "bearing": 0
  },
  {
    "coords": [
      -77.03267800000002,
      38.91300133550065
    ],
    "bearing": 0
  },
  {
    "coords": [
      -77.03267800000002,
      38.9130084486346
    ],
    "bearing": 0
  },
  {
    "coords": [
      -77.03267800000002,
      38.913015561768525
    ],
    "bearing": 0
  },
  {
    "coords": [
      -77.03267800000002,
      38.91302267490247
    ],
    "bearing": 0
  },
  {
    "coords": [
      -77.03267800000002,
      38.91302978803641
    ],
    "bearing": 0
  },
  {
    "coords": [
      -77.03267800000002,
      38.91303690117036
    ],
    "bearing": 0
  },
  {
    "coords": [
      -77.03267800000002,
      38.91304401430429
    ],
    "bearing": 0
  },
  {
    "coords": [
      -77.03267800000002,
      38.91305112743824
    ],
    "bearing": 0
  },
  {
    "coords": [
      -77.03267800000002,
      38.91305824057218
    ],
    "bearing": 0
  },
  {
    "coords": [
      -77.03267800000002,
      38.91306535370612
    ],
    "bearing": 0
  },
  {
    "coords": [
      -77.03267800000002,
      38.913072466840056
    ],
    "bearing": 0
  },
  {
    "coords": [
      -77.03267800000002,
      38.913079579974
    ],
    "bearing": 0
  },
  {
    "coords": [
      -77.03267800000002,
      38.91308669310793
    ],
    "bearing": 0
  },
  {
    "coords": [
      -77.03267800000002,
      38.913093806241875
    ],
    "bearing": 0
  },
  {
    "coords": [
      -77.03267800000002,
      38.913100919375815
    ],
    "bearing": 0
  },
  {
    "coords": [
      -77.03267800000002,
      38.91310803250976
    ],
    "bearing": 0
  },
  {
    "coords": [
      -77.03267800000002,
      38.913115145643694
    ],
    "bearing": 0
  },
  {
    "coords": [
      -77.03267800000002,
      38.91312225877764
    ],
    "bearing": 0
  },
  {
    "coords": [
      -77.03267800000002,
      38.91312937191158
    ],
    "bearing": 0
  },
  {
    "coords": [
      -77.03267800000002,
      38.91313648504551
    ],
    "bearing": 0
  },
  {
    "coords": [
      -77.03267800000002,
      38.91314359817946
    ],
    "bearing": 0
  },
  {
    "coords": [
      -77.03267798969075,
      38.91315071134021
    ],
    "bearing": 0.06461341140233332
  },
  {
    "coords": [
      -77.03267788659825,
      38.913157824742264
    ],
    "bearing": 0.6460836629490019
  },
  {
    "coords": [
      -77.03267778350575,
      38.91316493814433
    ],
    "bearing": 0.6460835973339645
  },
  {
    "coords": [
      -77.03267768041322,
      38.91317205154639
    ],
    "bearing": 0.646083692610653
  },
  {
    "coords": [
      -77.03267757732065,
      38.913179164948446
    ],
    "bearing": 0.6460838673221732
  },
  {
    "coords": [
      -77.03267747422807,
      38.913186278350516
    ],
    "bearing": 0.6460839611545027
  },
  {
    "coords": [
      -77.03267737113548,
      38.91319339175257
    ],
    "bearing": 0.6460838184153402
  },
  {
    "coords": [
      -77.03267726804285,
      38.91320050515464
    ],
    "bearing": 0.6460841502633033
  },
  {
    "coords": [
      -77.03267716495021,
      38.913207618556704
    ],
    "bearing": 0.6460840069463983
  },
  {
    "coords": [
      -77.03267706185756,
      38.91321473195876
    ],
    "bearing": 0.6460841016451448
  },
  {
    "coords": [
      -77.03267695876488,
      38.91322184536083
    ],
    "bearing": 0.6460841951884349
  },
  {
    "coords": [
      -77.03267685567216,
      38.91322895876289
    ],
    "bearing": 0.6460842898870971
  },
  {
    "coords": [
      -77.03267675257945,
      38.91323607216495
    ],
    "bearing": 0.646084306884031
  },
  {
    "coords": [
      -77.03267664948672,
      38.91324318556701
    ],
    "bearing": 0.6460844001383492
  },
  {
    "coords": [
      -77.03267654639394,
      38.91325029896908
    ],
    "bearing": 0.6460844939703327
  },
  {
    "coords": [
      -77.03267644330116,
      38.91325741237114
    ],
    "bearing": 0.6460845115448809
  },
  {
    "coords": [
      -77.03267634020835,
      38.9132645257732
    ],
    "bearing": 0.6460846042213734
  },
  {
    "coords": [
      -77.03267623711554,
      38.91327163917526
    ],
    "bearing": 0.6460845406279703
  },
  {
    "coords": [
      -77.03267613402267,
      38.91327875257731
    ],
    "bearing": 0.6460848750749237
  },
  {
    "coords": [
      -77.03267603092982,
      38.91328586597939
    ],
    "bearing": 0.6460846477014395
  },
  {
    "coords": [
      -77.03267592783692,
      38.91329297938144
    ],
    "bearing": 0.6460849850368074
  },
  {
    "coords": [
      -77.032675824744,
      38.91330009278351
    ],
    "bearing": 0.6460849179770538
  },
  {
    "coords": [
      -77.03267572165109,
      38.913307206185564
    ],
    "bearing": 0.6460849343959743
  },
  {
    "coords": [
      -77.03267561855813,
      38.91331431958762
    ],
    "bearing": 0.6460851088177486
  },
  {
    "coords": [
      -77.03267551546517,
      38.91332143298969
    ],
    "bearing": 0.646084962900928
  },
  {
    "coords": [
      -77.03267541237217,
      38.913328546391746
    ],
    "bearing": 0.64608529850286
  },
  {
    "coords": [
      -77.03267530927916,
      38.91333565979381
    ],
    "bearing": 0.6460852325984078
  },
  {
    "coords": [
      -77.03267520618613,
      38.913342773195865
    ],
    "bearing": 0.64608532816301
  },
  {
    "coords": [
      -77.03267510309307,
      38.91334988659794
    ],
    "bearing": 0.646085341115494
  },
  {
    "coords": [
      -77.032675,
      38.913357
    ],
    "bearing": 0.6460854387019994
  }
]