{
  "type": "Feature",
  "geometry": {
    "type": "LineString",
    "coordinates": [
      [
        -77.032395,
        38.912603
      ],
      [
        -77.03242338052249,
        38.912603000020766
      ],
      [
        -77.032595,
        38.912603
      ],
      [
        -77.032678,
        38.912603
      ],
      [
        -77.032678,
        38.91315
      ],
      [
        -77.03267793641194,
        38.9131543875888
      ],
      [
        -77.032675,
        38.913357
      ]
    ]
  },
  "properties": {
    "coordinateProperties": {
      "times": [
        0,
        2086,
        5354,
        6935,
        14625,
        14687,
        20384
      ],
      "speeds": [
        4.239076929829525,
        4.239076929829525,
        20.580506174556888,
        28.48368037697154,
        28.482824403352883,
        28.482824403352883,
        0
      ]
    }
  }
}